<!doctype html>
<html lang="en">

<head>
  <meta charset="utf-8">
  <meta name="viewport" content="width=device-width, initial-scale=1, shrink-to-fit=no">
  <meta name="description" content="">
  <meta name="author" content="">

  <title>Blog</title>

  <link rel="canonical" href="https://getbootstrap.com/docs/4.0/examples/blog/">

  <!-- Bootstrap core CSS -->
  <link href="https://getbootstrap.com/docs/4.0/dist/css/bootstrap.min.css" rel="stylesheet">

  <!-- Custom styles for this template -->
  <link href="https://fonts.googleapis.com/css?family=Playfair+Display:700,900" rel="stylesheet">
  <link href="https://getbootstrap.com/docs/4.0/examples/blog/blog.css" rel="stylesheet">
</head>
<!-- Google tag (gtag.js) -->
<script async src="https://www.googletagmanager.com/gtag/js?id=G-QD34R32JGD"></script>
<script>
  window.dataLayer = window.dataLayer || [];
  function gtag(){dataLayer.push(arguments);}
  gtag('js', new Date());

  gtag('config', 'G-QD34R32JGD');
</script>
<style>
pre { 
	 padding: 20px; 
	color: #aaa; background-color: #222;
	white-space: pre; text-shadow: 0 1px 0 #000;
	border-radius: 15px; border-bottom: 1px solid #555;
	box-shadow: 0 1px 5px rgba(0,0,0,0.4) inset, 0 0 20px rgba(0,0,0,0.2) inset;
	font: 16px/24px 'Courier New', Courier, 'Lucida Sans Typewriter', 'Lucida Typewriter', monospace;
	}
</style>
<body>

  <div class="container">
    <header class="blog-header py-3">
      <div class="row flex-nowrap justify-content-between align-items-center">
        <div class="col-4 pt-1">
          <a class="text-muted" href="index.html">home</a>

        </div>
        <div class="col-4 text-center">
          <a class="blog-header-logo text-dark" href="#">Wandering Snake</a>
        </div>
        <div class="col-4 d-flex justify-content-end align-items-center">

          <a class="btn btn-sm btn-outline-secondary" href="#">Subscribe</a>
        </div>
      </div>
    </header>
    <br>
  </div>

  <main role="main" class="container">
    <div class="row">
      <div class="col-md-8 blog-main">
        <div class="blog-post">
          <h2 class="blog-post-title">Understanding Linux, a journey</h2>
<br>
<p style="color:black">Here I will be blogging in my own way about learning Linux internals by going through inconventional means and wandering.
  I found reading logs to be a very useful way of Learning, It helps you discover and understand. here is a log I found online: 
  The log starts with some strange characters followed by SeaBios, and its version.</p> 
  <pre>c[?7l[2J[0mSeaBIOS (version 1.16.2-debian-1.16.2-1)
Booting from ROM...
early console in setup code
c[?7l[2J<5>[    0.000000] Linux version 6.6.1-rc1 (tuxmake@tuxmake) (x86_64-linux-gnu-gcc (Debian 13.2.0-5) 13.2.0, 
GNU ld (GNU Binutils for Debian) 2.41) #1 SMP PREEMPT_DYNAMIC @1699277113
<6>[    0.000000] Command line: console=ttyS0,115200 rootwait root=/dev/sda debug verbose 
console_msg_format=syslog systemd.log_level=warning rw earlycon </6></pre>
  <p> <a href="https://gist.github.com/fnky/458719343aabd01cfb17a3a4f7296797">Here</a>  it turns out these are terminal codes and escape characters.
  they specify commands sent to the console. the command starts with [ followed by the command type. The  <code>2J </code> is used for Erasing the 
  Entire screen, while the <code>[0m</code>  is used to reset all modes styles and colors. The <code>[?7l</code>  indicates private mode setting with wrap around mode. 
  SeaBIOS is an open source implementation to the x86 BIOS. It can be used on bare metal x86 systems or emulators such as Qemu. the 
  version number is for SeaBIOS.</p> 
  <p>Booting from ROM indicates executing the Boot ROM. which is the first stage of the boot sequence residing in the ROM and has a small size
  10s of KBs. Its purpose is to determine the boot source and load the second stage boot image into RAM.</p> 
  <p>I have no idea what the <5> is. but the number in quotes is the timestamp. </p>
  <p>The linux version is 6.6.1 release candidate 1 (rc1), built with tuxmake suite, for x86_64, the Intel 64 bit version of the x86 instruction set, 
  The linux-gnu-gcc specifies the compiler toolchain used to build the kernel. It was built using Debian GCC v13.2. It uses GNU Binutils 2.41 for 
  Debian. The Gnu Binutils are a set of binary tools, mainly ld, the GNU linker, as, the GNU assembler, and gold, and ELF only linker. </p>
  <p>The SMP indicates that it was build for Symmetric multiprocessing, while the PREEMP_DYNAMIC indicates that it was build as a preemptible kernel. 
  The <code>1699277113</code>  either meant some memory location or a timestamp. checking it online it translates to Nov 6th 2023 which matches the time the log 
  was generated.</p> 

<pre>
<6>[    0.000000] BIOS-provided physical RAM map:
<6>[    0.000000] BIOS-e820: [mem 0x0000000000000000-0x000000000009fbff] usable
<6>[    0.000000] BIOS-e820: [mem 0x000000000009fc00-0x000000000009ffff] reserved
<6>[    0.000000] BIOS-e820: [mem 0x00000000000f0000-0x00000000000fffff] reserved
<6>[    0.000000] BIOS-e820: [mem 0x0000000000100000-0x000000007ffdefff] usable
<6>[    0.000000] BIOS-e820: [mem 0x000000007ffdf000-0x000000007fffffff] reserved
<6>[    0.000000] BIOS-e820: [mem 0x00000000b0000000-0x00000000bfffffff] reserved
<6>[    0.000000] BIOS-e820: [mem 0x00000000fed1c000-0x00000000fed1ffff] reserved
<6>[    0.000000] BIOS-e820: [mem 0x00000000fffc0000-0x00000000ffffffff] reserved
<6>[    0.000000] BIOS-e820: [mem 0x0000000100000000-0x000000017fffffff] usable
<6>[    0.000000] NX (Execute Disable) protection: active
<6>[    0.000000] APIC: Static calls initialized
<6>[    0.000000] SMBIOS 3.0.0 present.
<6>[    0.000000] DMI: QEMU Standard PC (Q35 + ICH9, 2009), BIOS 1.16.2-debian-1.16.2-1 04/01/2014
<6>[    0.000000] tsc: Fast TSC calibration using PIT
<6>[    0.000000] tsc: Detected 2649.913 MHz processor
<7>[    0.012157] e820: update [mem 0x00000000-0x00000fff] usable ==> reserved
<7>[    0.012372] e820: remove [mem 0x000a0000-0x000fffff] usable
<6>[    0.012582] last_pfn = 0x180000 max_arch_pfn = 0x400000000
<6>[    0.013159] MTRR map: 4 entries (3 fixed + 1 variable; max 19), built from 8 variable MTRRs
<6>[    0.013342] x86/PAT: Configuration [0-7]: WB  WC  UC- UC  WB  WP  UC- WT  
<6>[    0.014429] last_pfn = 0x7ffdf max_arch_pfn = 0x400000000
<6>[    0.034052] found SMP MP-table at [mem 0x000f5ba0-0x000f5baf]

</pre>

<p>
Next, the BIOS_e820 provides the physical memory map. The code for the e820 is located in <code>arch/x86/kernel/e820.c</code>. The e820 is becuase the  <code>INT 0x15, EAX = 0xE820 command</code>
provides the memory map in x86 systems. The highest reported memory position is 0x000000017fffffff which translates to 6GB of ram. Few lines later it updates some banks to reserved and removes usable ones from the map. 
It also shows the last found page frame number (pfn) which is a unique number that identifies each memory page. The last found pfn here is <code>0x180000</code>, which translates to 1.5Million pages. since we have a total of 6GB of RAM, 
we can infer that the page size here is 4KB, which agrees with the x86 page size. The maximum possible pfn is <code>0x400000000</code> which translates to 16 Billion pages. the MTTR is the memory type range register, which is phased out in recent releases to PAT (Page attribute table), They set specific attributes 
to specific ranges of memory. Meaning for the values is defined in <a href="https://www.kernel.org/doc/Documentation/x86/pat.txt">https://www.kernel.org/doc/Documentation/x86/pat.txt</a>. The values found are:  
<ul>
  <li> WB </li>
  <li>WC</li>
  <li>UC-UC: </li>
  <li>WP</li>
  <li>UC-WT</li>
</ul>
These values specify writing and reading the memory. UC means reads and writes to the memory are direct to and from the CPU. for WC, writes goes first to the writes combine buffer, to be sent later to physical RAM, but reads go directly. 
For WB, writes go to cache and sent to physical RAM later. For WT, writes go to both, the cache and the physical RAM at the same time. WP writes are ignored and don't reach the physical memory altogether.
Then the log shows the Symmetric multiprocessing table MP-table at a memory location. In SMP, all logical cores of the processor are able to see the whole memory. 
</p>

<p>
  The tsc is for the timestamp counter module, which is a 64 bit register that counts the clock frequency, by monitoring the pulses at the clk pin of the processor. it does a fast 
  calibration using the calibrate_tsc() callback. In this case it found a <code>2649.913 MHz</code> processor.
</p>

<pre><6>[    0.039070] ACPI: Early table checksum verification disabled
  <6>[    0.039487] ACPI: RSDP 0x00000000000F59C0 000014 (v00 BOCHS )
  <6>[    0.039777] ACPI: RSDT 0x000000007FFE2346 000038 (v01 BOCHS  BXPC     00000001 BXPC 00000001)
  <6>[    0.040350] ACPI: FACP 0x000000007FFE2136 0000F4 (v03 BOCHS  BXPC     00000001 BXPC 00000001)
  <6>[    0.040940] ACPI: DSDT 0x000000007FFE0040 0020F6 (v01 BOCHS  BXPC     00000001 BXPC 00000001)
  <6>[    0.041043] ACPI: FACS 0x000000007FFE0000 000040
  <6>[    0.041105] ACPI: APIC 0x000000007FFE222A 000080 (v03 BOCHS  BXPC     00000001 BXPC 00000001)
  <6>[    0.041135] ACPI: HPET 0x000000007FFE22AA 000038 (v01 BOCHS  BXPC     00000001 BXPC 00000001)
  <6>[    0.041163] ACPI: MCFG 0x000000007FFE22E2 00003C (v01 BOCHS  BXPC     00000001 BXPC 00000001)
  <6>[    0.041190] ACPI: WAET 0x000000007FFE231E 000028 (v01 BOCHS  BXPC     00000001 BXPC 00000001)
  <6>[    0.041277] ACPI: Reserving FACP table memory at [mem 0x7ffe2136-0x7ffe2229]
  <6>[    0.041321] ACPI: Reserving DSDT table memory at [mem 0x7ffe0040-0x7ffe2135]
  <6>[    0.041329] ACPI: Reserving FACS table memory at [mem 0x7ffe0000-0x7ffe003f]
  <6>[    0.041336] ACPI: Reserving APIC table memory at [mem 0x7ffe222a-0x7ffe22a9]
  <6>[    0.041343] ACPI: Reserving HPET table memory at [mem 0x7ffe22aa-0x7ffe22e1]
  <6>[    0.041349] ACPI: Reserving MCFG table memory at [mem 0x7ffe22e2-0x7ffe231d]
  <6>[    0.041357] ACPI: Reserving WAET table memory at [mem 0x7ffe231e-0x7ffe2345]
  <6>[    0.043266] No NUMA configuration found
  <6>[    0.043291] Faking a node at [mem 0x0000000000000000-0x000000017fffffff]
  <6>[    0.043789] NODE_DATA(0) allocated [mem 0x17fffc000-0x17fffffff]
  <6>[    0.046018] Zone ranges:
  <6>[    0.046042]   DMA      [mem 0x0000000000001000-0x0000000000ffffff]
  <6>[    0.046107]   DMA32    [mem 0x0000000001000000-0x00000000ffffffff]
  <6>[    0.046121]   Normal   [mem 0x0000000100000000-0x000000017fffffff]
  <6>[    0.046136] Movable zone start for each node
  <6>[    0.046161] Early memory node ranges
  <6>[    0.046190]   node   0: [mem 0x0000000000001000-0x000000000009efff]
  <6>[    0.046344]   node   0: [mem 0x0000000000100000-0x000000007ffdefff]
  <6>[    0.046373]   node   0: [mem 0x0000000100000000-0x000000017fffffff]
  <6>[    0.046586] Initmem setup node 0 [mem 0x0000000000001000-0x000000017fffffff]
  <6>[    0.047478] On node 0, zone DMA: 1 pages in unavailable ranges
  <6>[    0.047706] On node 0, zone DMA: 97 pages in unavailable ranges
  <6>[    0.072867] On node 0, zone Normal: 33 pages in unavailable ranges
  <6>[    0.073447] ACPI: PM-Timer IO Port: 0x608
  <6>[    0.073894] ACPI: LAPIC_NMI (acpi_id[0xff] dfl dfl lint[0x1])
  <6>[    0.074274] IOAPIC[0]: apic_id 0, version 32, address 0xfec00000, GSI 0-23
  <6>[    0.074398] ACPI: INT_SRC_OVR (bus 0 bus_irq 0 global_irq 2 dfl dfl)
  <6>[    0.074707] ACPI: INT_SRC_OVR (bus 0 bus_irq 5 global_irq 5 high level)
  <6>[    0.074751] ACPI: INT_SRC_OVR (bus 0 bus_irq 9 global_irq 9 high level)
  <6>[    0.074857] ACPI: INT_SRC_OVR (bus 0 bus_irq 10 global_irq 10 high level)
  <6>[    0.074871] ACPI: INT_SRC_OVR (bus 0 bus_irq 11 global_irq 11 high level)
  <6>[    0.075063] ACPI: Using ACPI (MADT) for SMP configuration information
  <6>[    0.075109] ACPI: HPET id: 0x8086a201 base: 0xfed00000
  <6>[    0.075398] smpboot: Allowing 2 CPUs, 0 hotplug CPUs
    
  </pre>
</div><!-- /.blog-post -->


      </div><!-- /.blog-main -->

      <aside class="col-md-4 blog-sidebar">
        <div class="p-3 mb-3 bg-light rounded">
          <h4 class="font-italic">About</h4>
          <p class="mb-0"> A blog about random wandering about different topics. Mostly technology</p>
        </div>


      </aside><!-- /.blog-sidebar -->

    </div><!-- /.row -->

  </main><!-- /.container -->


  <!-- Bootstrap core JavaScript
    ================================================== -->
  <!-- Placed at the end of the document so the pages load faster -->
  <script src="https://code.jquery.com/jquery-3.2.1.slim.min.js"
    integrity="sha384-KJ3o2DKtIkvYIK3UENzmM7KCkRr/rE9/Qpg6aAZGJwFDMVNA/GpGFF93hXpG5KkN"
    crossorigin="anonymous"></script>
  <script>window.jQuery || document.write('<script src="../../assets/js/vendor/jquery-slim.min.js"><\/script>')</script>
  <script src="https://getbootstrap.com/docs/4.0/assets/js/vendor/popper.min.js"></script>
  <script src="https://getbootstrap.com/docs/4.0/dist/js/bootstrap.min.js"></script>
  <script src="https://getbootstrap.com/docs/4.0/assets/js/vendor/holder.min.js"></script>
</body>

</html>